PRT1
275
613
4 0 40 (3200 416 480 ) (3200 416 448 ) (4032 416 448 ) (4032 416 480 ) 
4 0 39 (4032 416 448 ) (4064 416 448 ) (4064 416 480 ) (4032 416 480 ) 
4 0 12 (3200 416 448 ) (3200 416 480 ) (3200 1312 480 ) (3200 1312 448 ) 
4 0 3 (4064 416 448 ) (4032 416 448 ) (4032 1248 448 ) (4064 1248 448 ) 
4 0 2 (3200 1248 448 ) (3200 1280 448 ) (3232 1280 448 ) (3232 1248 448 ) 
4 0 1 (3232 1312 448 ) (4032 1312 448 ) (4032 1248 448 ) (3232 1248 448 ) 
4 1 5 (3232 1376 0 ) (4032 1376 0 ) (4032 1248 0 ) (3232 1248 0 ) 
4 1 2 (3232 1280 0 ) (3232 1248 0 ) (3232 1248 448 ) (3232 1280 448 ) 
4 2 13 (3200 1248 448 ) (3200 1280 448 ) (3200 1280 0 ) (3200 1248 0 ) 
4 3 39 (4032 416 0 ) (4064 416 0 ) (4064 416 448 ) (4032 416 448 ) 
4 3 6 (4064 416 0 ) (4032 416 0 ) (4032 1248 0 ) (4064 1248 0 ) 
4 4 41 (3200 416 448 ) (3200 416 0 ) (4032 416 0 ) (4032 416 448 ) 
4 4 14 (3200 416 0 ) (3200 416 448 ) (3200 1248 448 ) (3200 1248 0 ) 
4 4 10 (3232 416 0 ) (3200 416 0 ) (3200 1248 0 ) (3232 1248 0 ) 
4 4 7 (4032 416 0 ) (3232 416 0 ) (3232 1248 0 ) (4032 1248 0 ) 
4 6 42 (4032 416 -384 ) (4032 416 -512 ) (4064 416 -512 ) (4064 416 -384 ) 
4 6 39 (4064 416 0 ) (4032 416 0 ) (4032 416 -384 ) (4064 416 -384 ) 
4 7 41 (4032 416 -384 ) (4032 416 0 ) (3232 416 0 ) (3232 416 -384 ) 
4 7 10 (3232 416 -384 ) (3232 416 0 ) (3232 1248 0 ) (3232 1248 -384 ) 
4 7 9 (3264 416 -384 ) (3232 416 -384 ) (3232 1248 -384 ) (3264 1248 -384 ) 
4 7 8 (4000 416 -384 ) (3264 416 -384 ) (3264 1248 -384 ) (4000 1248 -384 ) 
4 8 43 (4000 416 -384 ) (3264 416 -384 ) (3264 416 -480 ) (4000 416 -480 ) 
4 8 9 (3264 416 -448 ) (3264 416 -384 ) (3264 1248 -384 ) (3264 1248 -448 ) 
4 9 44 (3264 416 -384 ) (3232 416 -384 ) (3232 416 -448 ) (3264 416 -448 ) 
4 9 10 (3232 416 -448 ) (3232 416 -384 ) (3232 1248 -384 ) (3232 1248 -448 ) 
4 10 44 (3232 416 -448 ) (3232 416 -384 ) (3200 416 -384 ) (3200 416 -448 ) 
4 10 41 (3232 416 -384 ) (3232 416 0 ) (3200 416 0 ) (3200 416 -384 ) 
4 10 15 (3200 416 -448 ) (3200 416 0 ) (3200 1248 0 ) (3200 1248 -448 ) 
4 11 45 (3232 416 -544 ) (3232 416 -448 ) (3200 416 -448 ) (3200 416 -544 ) 
4 11 16 (3200 416 -544 ) (3200 416 -512 ) (3200 1248 -512 ) (3200 1248 -544 ) 
4 12 57 (3200 416 448 ) (3200 416 480 ) (2336 416 480 ) (2336 416 448 ) 
4 12 17 (2336 416 448 ) (2336 416 480 ) (2336 1312 480 ) (2336 1312 448 ) 
4 12 13 (3200 1280 448 ) (3200 1248 448 ) (2336 1248 448 ) (2336 1280 448 ) 
4 13 18 (2336 1280 0 ) (2336 1248 0 ) (2336 1248 448 ) (2336 1280 448 ) 
4 14 58 (3200 416 0 ) (3200 416 448 ) (2336 416 448 ) (2336 416 0 ) 
4 14 27 (2336 512 0 ) (2336 416 0 ) (2336 416 416 ) (2336 512 416 ) 
4 14 23 (2336 416 416 ) (2336 416 448 ) (2336 512 448 ) (2336 512 416 ) 
4 14 19 (2336 1248 0 ) (2336 576 0 ) (2336 576 448 ) (2336 1248 448 ) 
4 14 15 (3200 416 0 ) (2336 416 0 ) (2336 1248 0 ) (3200 1248 0 ) 
4 15 58 (3200 416 -512 ) (3200 416 0 ) (2336 416 0 ) (2336 416 -512 ) 
4 15 36 (2336 512 -128 ) (2336 736 -128 ) (2336 736 -512 ) (2336 512 -512 ) 
4 15 34 (2336 512 -96 ) (2336 736 -96 ) (2336 736 -128 ) (2336 512 -128 ) 
4 15 32 (2336 736 -96 ) (2336 1248 -96 ) (2336 1248 -512 ) (2336 736 -512 ) 
4 15 30 (2336 576 -64 ) (2336 1248 -64 ) (2336 1248 -96 ) (2336 576 -96 ) 
4 15 27 (2336 416 -64 ) (2336 416 0 ) (2336 512 0 ) (2336 512 -64 ) 
4 15 21 (2336 576 0 ) (2336 1248 0 ) (2336 1248 -64 ) (2336 576 -64 ) 
4 16 59 (3200 416 -544 ) (3200 416 -512 ) (2336 416 -512 ) (2336 416 -544 ) 
4 16 38 (2336 416 -544 ) (2336 416 -512 ) (2336 512 -512 ) (2336 512 -544 ) 
4 16 37 (2336 512 -512 ) (2336 736 -512 ) (2336 736 -544 ) (2336 512 -544 ) 
4 16 33 (2336 736 -512 ) (2336 1248 -512 ) (2336 1248 -544 ) (2336 736 -544 ) 
4 17 64 (2016 416 480 ) (1888 416 480 ) (1888 416 448 ) (2016 416 448 ) 
4 17 60 (2336 416 448 ) (2336 416 480 ) (2016 416 480 ) (2016 416 448 ) 
4 17 26 (2016 416 448 ) (1888 416 448 ) (1888 576 448 ) (2016 576 448 ) 
4 17 22 (2016 576 448 ) (1888 576 448 ) (1888 1312 448 ) (2016 1312 448 ) 
4 17 20 (2240 576 448 ) (2208 576 448 ) (2208 1248 448 ) (2240 1248 448 ) 
4 17 18 (2336 1280 448 ) (2336 1248 448 ) (2208 1248 448 ) (2208 1280 448 ) 
4 18 20 (2240 1248 448 ) (2208 1248 448 ) (2208 1248 0 ) (2240 1248 0 ) 
4 19 21 (2336 1248 0 ) (2336 576 0 ) (2240 576 0 ) (2240 1248 0 ) 
4 21 30 (2336 1248 -64 ) (2336 576 -64 ) (2240 576 -64 ) (2240 1248 -64 ) 
4 22 26 (2016 576 448 ) (1888 576 448 ) (1888 576 416 ) (2016 576 416 ) 
4 23 61 (2336 416 416 ) (2336 416 448 ) (2048 416 448 ) (2048 416 416 ) 
3 23 28 (2048 511.135025 416 ) (2048 512 416 ) (2048.500063 512 416 ) 
5 23 27 (2336 512 416 ) (2336 416 416 ) (2048 416 416 ) (2048 511.135025 416 ) (2048.500063 512 416 ) 
4 23 24 (2048 416 432 ) (2048 416 448 ) (2048 512 448 ) (2048 512 432 ) 
4 24 62 (2048 416 448 ) (2016 416 448 ) (2016 416 432 ) (2048 416 432 ) 
4 25 63 (2016 416 432 ) (2016 416 416 ) (2048 416 416 ) (2048 416 432 ) 
4 25 26 (2016 416 416 ) (2016 416 432 ) (2016 512 432 ) (2016 512 416 ) 
4 26 94 (1888 416 416 ) (1888 416 432 ) (1888 576 432 ) (1888 576 416 ) 
4 26 64 (2016 416 448 ) (1888 416 448 ) (1888 416 416 ) (2016 416 416 ) 
4 27 65 (2336 416 -64 ) (2336 416 416 ) (1993 416 416 ) (1993 416 -64 ) 
4 27 28 (2016 455.783772 416 ) (2048.500007 512 416 ) (2048.500007 512 128 ) (2016 455.783772 128 ) 
4 27 29 (1993 416 128 ) (1993 416 416 ) (2016 455.783772 416 ) (2016 455.783772 128 ) 
4 28 29 (2016 455.783674 128 ) (2016 455.783674 416 ) (2016 512 416 ) (2016 512 128 ) 
4 29 95 (1888 416 128 ) (1888 416 416 ) (1888 544 416 ) (1888 544 128 ) 
4 29 65 (1993 416 416 ) (1888 416 416 ) (1888 416 128 ) (1993 416 128 ) 
4 30 34 (2336 736 -96 ) (2336 576 -96 ) (2304 576 -96 ) (2304 736 -96 ) 
4 30 32 (2336 1248 -96 ) (2336 736 -96 ) (2240 736 -96 ) (2240 1248 -96 ) 
4 31 67 (2304 416 -64 ) (1993 416 -64 ) (1993 416 -96 ) (2304 416 -96 ) 
4 31 66 (2336 416 -96 ) (2336 416 -64 ) (2304 416 -64 ) (2304 416 -96 ) 
4 31 35 (2336 416 -96 ) (2304 416 -96 ) (2304 512 -96 ) (2336 512 -96 ) 
4 32 36 (2336 736 -512 ) (2336 736 -128 ) (2240 736 -128 ) (2240 736 -512 ) 
4 32 34 (2336 736 -128 ) (2336 736 -96 ) (2304 736 -96 ) (2304 736 -128 ) 
4 33 37 (2336 736 -544 ) (2336 736 -512 ) (2240 736 -512 ) (2240 736 -544 ) 
4 34 36 (2304 736 -128 ) (2336 736 -128 ) (2336 512 -128 ) (2304 512 -128 ) 
4 35 66 (2336 416 -128 ) (2336 416 -96 ) (2304 416 -96 ) (2304 416 -128 ) 
4 35 38 (2336 512 -128 ) (2336 416 -128 ) (2304 416 -128 ) (2304 512 -128 ) 
4 37 38 (2336 512 -544 ) (2336 512 -512 ) (2304 512 -512 ) (2304 512 -544 ) 
4 38 68 (2336 416 -544 ) (2336 416 -128 ) (2304 416 -128 ) (2304 416 -544 ) 
4 39 51 (4032 -1088 0 ) (4032 -1088 -384 ) (4064 -1088 -384 ) (4064 -1088 0 ) 
4 39 47 (4032 -1088 448 ) (4032 -1088 0 ) (4064 -1088 0 ) (4064 -1088 448 ) 
4 39 46 (4064 -1088 480 ) (4032 -1088 480 ) (4032 -1088 448 ) (4064 -1088 448 ) 
4 39 42 (4032 416 -384 ) (4064 416 -384 ) (4064 -1088 -384 ) (4032 -1088 -384 ) 
4 39 40 (4032 -1088 448 ) (4032 -1088 480 ) (4032 416 480 ) (4032 416 448 ) 
4 40 69 (3200 -384 448 ) (3200 -1088 448 ) (3200 -1088 480 ) (3200 -384 480 ) 
4 40 57 (3200 416 480 ) (3200 416 448 ) (3200 -384 448 ) (3200 -384 480 ) 
4 40 46 (3200 -1088 480 ) (3200 -1088 448 ) (4032 -1088 448 ) (4032 -1088 480 ) 
4 41 72 (3200 -384 -384 ) (3200 -1088 -384 ) (3200 -1088 0 ) (3200 -384 0 ) 
4 41 70 (3200 -1088 0 ) (3200 -1088 448 ) (3200 -384 448 ) (3200 -384 0 ) 
4 41 58 (3200 416 448 ) (3200 416 -384 ) (3200 -384 -384 ) (3200 -384 448 ) 
4 41 55 (3232 -1088 -384 ) (3264 -1088 -384 ) (3264 -1088 0 ) (3232 -1088 0 ) 
4 41 54 (3264 -1088 -384 ) (4000 -1088 -384 ) (4000 -1088 0 ) (3264 -1088 0 ) 
4 41 52 (4000 -1088 -384 ) (4032 -1088 -384 ) (4032 -1088 0 ) (4000 -1088 0 ) 
4 41 48 (3232 -1088 0 ) (4032 -1088 0 ) (4032 -1088 448 ) (3232 -1088 448 ) 
4 41 44 (3200 -1088 -384 ) (3200 416 -384 ) (3264 416 -384 ) (3264 -1088 -384 ) 
4 41 43 (3264 416 -384 ) (4000 416 -384 ) (4000 -1088 -384 ) (3264 -1088 -384 ) 
4 42 53 (4064 -1088 -384 ) (4032 -1088 -384 ) (4032 -1088 -512 ) (4064 -1088 -512 ) 
4 43 54 (4000 -1088 -480 ) (4000 -1088 -384 ) (3264 -1088 -384 ) (3264 -1088 -480 ) 
4 43 44 (3264 416 -384 ) (3264 416 -448 ) (3264 -1088 -448 ) (3264 -1088 -384 ) 
4 44 72 (3200 -384 -448 ) (3200 -1088 -448 ) (3200 -1088 -384 ) (3200 -384 -384 ) 
4 44 58 (3200 416 -384 ) (3200 416 -448 ) (3200 -384 -448 ) (3200 -384 -384 ) 
4 44 55 (3264 -1088 -448 ) (3264 -1088 -384 ) (3232 -1088 -384 ) (3232 -1088 -448 ) 
4 45 73 (3200 -384 -544 ) (3200 -1088 -544 ) (3200 -1088 -512 ) (3200 -384 -512 ) 
4 45 59 (3200 416 -512 ) (3200 416 -544 ) (3200 -384 -544 ) (3200 -384 -512 ) 
4 46 69 (3200 -1088 480 ) (3200 -1088 448 ) (3200 -1120 448 ) (3200 -1120 480 ) 
4 46 49 (3200 -1120 448 ) (3200 -1088 448 ) (3232 -1088 448 ) (3232 -1120 448 ) 
4 46 47 (4032 -1088 448 ) (4064 -1088 448 ) (4064 -1120 448 ) (4032 -1120 448 ) 
4 47 51 (4032 -1088 0 ) (4064 -1088 0 ) (4064 -1120 0 ) (4032 -1120 0 ) 
4 47 50 (4064 -1120 0 ) (4064 -1120 448 ) (4032 -1120 448 ) (4032 -1120 0 ) 
4 48 55 (3232 -1088 0 ) (3264 -1088 0 ) (3264 -1120 0 ) (3232 -1120 0 ) 
4 48 54 (3264 -1088 0 ) (4000 -1088 0 ) (4000 -1120 0 ) (3264 -1120 0 ) 
4 48 52 (4000 -1088 0 ) (4032 -1088 0 ) (4032 -1120 0 ) (4000 -1120 0 ) 
4 49 71 (3200 -1120 448 ) (3200 -1088 448 ) (3200 -1088 0 ) (3200 -1120 0 ) 
4 49 50 (3232 -1120 448 ) (3200 -1120 448 ) (3200 -1120 0 ) (3232 -1120 0 ) 
4 50 56 (3200 -1248 0 ) (3200 -1120 0 ) (4064 -1120 0 ) (4064 -1248 0 ) 
4 51 56 (4064 -1120 -384 ) (4064 -1120 0 ) (4032 -1120 0 ) (4032 -1120 -384 ) 
4 51 53 (4064 -1088 -384 ) (4064 -1120 -384 ) (4032 -1120 -384 ) (4032 -1088 -384 ) 
4 52 54 (4000 -1088 0 ) (4000 -1088 -384 ) (4000 -1120 -384 ) (4000 -1120 0 ) 
4 53 56 (4064 -1120 -480 ) (4064 -1120 -384 ) (4032 -1120 -384 ) (4032 -1120 -480 ) 
4 54 55 (3264 -1120 -448 ) (3264 -1120 0 ) (3264 -1088 0 ) (3264 -1088 -448 ) 
4 57 69 (3200 -384 448 ) (3200 -384 480 ) (2336 -384 480 ) (2336 -384 448 ) 
4 57 60 (2336 416 480 ) (2336 416 448 ) (2336 -384 448 ) (2336 -384 480 ) 
4 58 72 (3200 -384 -512 ) (3200 -384 0 ) (2336 -384 0 ) (2336 -384 -512 ) 
4 58 70 (3200 -384 0 ) (3200 -384 448 ) (2336 -384 448 ) (2336 -384 0 ) 
4 58 61 (2336 416 448 ) (2336 416 416 ) (2336 -384 416 ) (2336 -384 448 ) 
4 58 65 (2336 416 416 ) (2336 416 -64 ) (2336 -384 -64 ) (2336 -384 416 ) 
4 59 73 (3200 -384 -544 ) (3200 -384 -512 ) (2336 -384 -512 ) (2336 -384 -544 ) 
4 59 68 (2336 416 -512 ) (2336 416 -544 ) (2336 -384 -544 ) (2336 -384 -512 ) 
4 60 74 (2336 -384 448 ) (2336 -384 480 ) (2016 -384 480 ) (2016 -384 448 ) 
4 60 64 (2016 -384 448 ) (2016 -384 480 ) (2016 416 480 ) (2016 416 448 ) 
4 61 75 (2336 -384 416 ) (2336 -384 448 ) (2048 -384 448 ) (2048 -384 416 ) 
4 61 62 (2048 -384 432 ) (2048 -384 448 ) (2048 416 448 ) (2048 416 432 ) 
4 61 65 (2336 -384 416 ) (2048 -384 416 ) (2048 416 416 ) (2336 416 416 ) 
4 62 76 (2048 -384 448 ) (2016 -384 448 ) (2016 -384 432 ) (2048 -384 432 ) 
4 63 77 (2016 -384 432 ) (2016 -384 416 ) (2048 -384 416 ) (2048 -384 432 ) 
4 63 64 (2016 -384 416 ) (2016 -384 432 ) (2016 416 432 ) (2016 416 416 ) 
4 64 182 (1888 -384 416 ) (1888 -384 432 ) (1888 -224 432 ) (1888 -224 416 ) 
4 64 169 (1888 64 432 ) (1888 64 416 ) (1888 -224 416 ) (1888 -224 432 ) 
4 64 103 (1888 416 432 ) (1888 416 416 ) (1888 64 416 ) (1888 64 432 ) 
4 64 78 (1888 -384 448 ) (1888 -384 416 ) (2016 -384 416 ) (2016 -384 448 ) 
4 64 74 (1888 -384 480 ) (1888 -384 448 ) (2016 -384 448 ) (2016 -384 480 ) 
4 65 186 (1888 -384 -64 ) (1888 -384 128 ) (1888 -224 128 ) (1888 -224 -64 ) 
4 65 183 (1888 -384 128 ) (1888 -384 416 ) (1888 -224 416 ) (1888 -224 128 ) 
4 65 181 (1888 -192 -64 ) (1888 -224 -64 ) (1888 -224 128 ) (1888 -192 128 ) 
4 65 176 (1888 -32 -64 ) (1888 -192 -64 ) (1888 -192 128 ) (1888 -32 128 ) 
4 65 173 (1888 32 -64 ) (1888 -32 -64 ) (1888 -32 128 ) (1888 32 128 ) 
4 65 171 (1888 64 128 ) (1888 64 -64 ) (1888 32 -64 ) (1888 32 128 ) 
4 65 170 (1888 -224 416 ) (1888 64 416 ) (1888 64 128 ) (1888 -224 128 ) 
4 65 111 (1888 192 -64 ) (1888 64 -64 ) (1888 64 128 ) (1888 192 128 ) 
4 65 110 (1888 224 -64 ) (1888 192 -64 ) (1888 192 128 ) (1888 224 128 ) 
4 65 106 (1888 416 128 ) (1888 416 -64 ) (1888 224 -64 ) (1888 224 128 ) 
4 65 104 (1888 64 416 ) (1888 416 416 ) (1888 416 128 ) (1888 64 128 ) 
4 65 81 (1993 -384 416 ) (1888 -384 416 ) (1888 -384 128 ) (1993 -384 128 ) 
4 65 79 (2336 -384 -64 ) (2336 -384 416 ) (1993 -384 416 ) (1993 -384 -64 ) 
4 66 89 (2336 -384 -128 ) (2336 -384 -96 ) (2304 -384 -96 ) (2304 -384 -128 ) 
4 66 87 (2336 -384 -96 ) (2336 -384 -64 ) (2304 -384 -64 ) (2304 -384 -96 ) 
4 66 68 (2336 416 -128 ) (2336 -384 -128 ) (2304 -384 -128 ) (2304 416 -128 ) 
4 66 67 (2304 -384 -96 ) (2304 -384 -64 ) (2304 416 -64 ) (2304 416 -96 ) 
4 67 207 (1888 -384 -96 ) (1888 -384 -64 ) (1888 -224 -64 ) (1888 -224 -96 ) 
4 67 205 (1888 -224 -64 ) (1888 -192 -64 ) (1888 -192 -96 ) (1888 -224 -96 ) 
4 67 202 (1888 -192 -64 ) (1888 -32 -64 ) (1888 -32 -96 ) (1888 -192 -96 ) 
4 67 198 (1888 -32 -64 ) (1888 32 -64 ) (1888 32 -96 ) (1888 -32 -96 ) 
4 67 197 (1888 32 -64 ) (1888 64 -64 ) (1888 64 -96 ) (1888 32 -96 ) 
4 67 129 (1888 64 -64 ) (1888 192 -64 ) (1888 192 -96 ) (1888 64 -96 ) 
4 67 126 (1888 192 -64 ) (1888 224 -64 ) (1888 224 -96 ) (1888 192 -96 ) 
4 67 122 (1888 224 -64 ) (1888 416 -64 ) (1888 416 -96 ) (1888 224 -96 ) 
4 67 87 (2304 -384 -64 ) (1993 -384 -64 ) (1993 -384 -96 ) (2304 -384 -96 ) 
4 68 89 (2336 -384 -544 ) (2336 -384 -128 ) (2304 -384 -128 ) (2304 -384 -544 ) 
4 69 74 (2336 -384 480 ) (2336 -384 448 ) (2336 -1120 448 ) (2336 -1120 480 ) 
4 69 71 (3200 -1088 448 ) (3200 -1120 448 ) (2336 -1120 448 ) (2336 -1088 448 ) 
4 70 82 (2336 -544 0 ) (2336 -1088 0 ) (2336 -1088 448 ) (2336 -544 448 ) 
4 70 79 (2336 -384 416 ) (2336 -384 0 ) (2336 -480 0 ) (2336 -480 416 ) 
4 70 75 (2336 -384 448 ) (2336 -384 416 ) (2336 -480 416 ) (2336 -480 448 ) 
4 70 72 (3200 -384 0 ) (3200 -1088 0 ) (2336 -1088 0 ) (2336 -384 0 ) 
4 71 84 (2336 -1088 0 ) (2336 -1120 0 ) (2336 -1120 448 ) (2336 -1088 448 ) 
4 72 92 (2336 -480 -512 ) (2336 -1088 -512 ) (2336 -1088 -128 ) (2336 -480 -128 ) 
4 72 90 (2336 -736 -96 ) (2336 -480 -96 ) (2336 -480 -128 ) (2336 -736 -128 ) 
4 72 91 (2336 -1088 -128 ) (2336 -1088 -96 ) (2336 -736 -96 ) (2336 -736 -128 ) 
4 72 88 (2336 -544 -96 ) (2336 -1088 -96 ) (2336 -1088 -64 ) (2336 -544 -64 ) 
4 72 85 (2336 -544 -64 ) (2336 -1088 -64 ) (2336 -1088 0 ) (2336 -544 0 ) 
4 72 79 (2336 -384 0 ) (2336 -384 -64 ) (2336 -480 -64 ) (2336 -480 0 ) 
4 73 93 (2336 -480 -544 ) (2336 -1088 -544 ) (2336 -1088 -512 ) (2336 -480 -512 ) 
4 73 89 (2336 -384 -512 ) (2336 -384 -544 ) (2336 -480 -544 ) (2336 -480 -512 ) 
4 74 86 (2016 -1120 448 ) (1888 -1120 448 ) (1888 -544 448 ) (2016 -544 448 ) 
4 74 83 (2240 -1088 448 ) (2208 -1088 448 ) (2208 -544 448 ) (2240 -544 448 ) 
4 74 84 (2336 -1088 448 ) (2336 -1120 448 ) (2176 -1120 448 ) (2176 -1088 448 ) 
4 74 78 (2016 -544 448 ) (1888 -544 448 ) (1888 -384 448 ) (2016 -384 448 ) 
3 75 80 (2048.500086 -480 416 ) (2048 -480 416 ) (2048 -479.134987 416 ) 
5 75 79 (2336 -384 416 ) (2336 -480 416 ) (2048.500086 -480 416 ) (2048 -479.134987 416 ) (2048 -384 416 ) 
4 75 76 (2048 -480 448 ) (2048 -384 448 ) (2048 -384 432 ) (2048 -480 432 ) 
4 77 78 (2016 -384 432 ) (2016 -384 416 ) (2016 -480 416 ) (2016 -480 432 ) 
4 78 184 (1888 -512 416 ) (1888 -544 416 ) (1888 -544 432 ) (1888 -512 432 ) 
4 78 182 (1888 -384 432 ) (1888 -384 416 ) (1888 -512 416 ) (1888 -512 432 ) 
4 78 86 (2016 -544 448 ) (1888 -544 448 ) (1888 -544 416 ) (2016 -544 416 ) 
4 79 80 (2016 -423.783735 128 ) (2048.500029 -480 128 ) (2048.500029 -480 416 ) (2016 -423.783735 416 ) 
4 79 81 (1993 -384 416 ) (1993 -384 128 ) (2016 -423.783735 128 ) (2016 -423.783735 416 ) 
4 80 81 (2016 -480 416 ) (2016 -423.783636 416 ) (2016 -423.783636 128 ) (2016 -480 128 ) 
4 81 183 (1888 -384 416 ) (1888 -384 128 ) (1888 -512 128 ) (1888 -512 416 ) 
4 82 85 (2336 -544 0 ) (2336 -1088 0 ) (2240 -1088 0 ) (2240 -544 0 ) 
4 83 84 (2208 -1088 0 ) (2240 -1088 0 ) (2240 -1088 448 ) (2208 -1088 448 ) 
4 85 88 (2336 -544 -64 ) (2336 -1088 -64 ) (2240 -1088 -64 ) (2240 -544 -64 ) 
4 87 89 (2336 -384 -96 ) (2336 -480 -96 ) (2304 -480 -96 ) (2304 -384 -96 ) 
4 88 90 (2336 -544 -96 ) (2336 -736 -96 ) (2304 -736 -96 ) (2304 -544 -96 ) 
4 88 91 (2336 -736 -96 ) (2336 -1088 -96 ) (2240 -1088 -96 ) (2240 -736 -96 ) 
4 89 93 (2304 -480 -544 ) (2336 -480 -544 ) (2336 -480 -512 ) (2304 -480 -512 ) 
4 90 92 (2304 -480 -128 ) (2336 -480 -128 ) (2336 -736 -128 ) (2304 -736 -128 ) 
4 90 91 (2336 -736 -128 ) (2336 -736 -96 ) (2304 -736 -96 ) (2304 -736 -128 ) 
4 91 92 (2336 -1088 -128 ) (2240 -1088 -128 ) (2240 -736 -128 ) (2336 -736 -128 ) 
4 94 132 (288 576 432 ) (288 576 416 ) (288 416 416 ) (288 416 432 ) 
4 94 103 (1888 416 416 ) (1888 416 432 ) (288 416 432 ) (288 416 416 ) 
4 95 133 (288 544 128 ) (288 416 128 ) (288 416 416 ) (288 544 416 ) 
4 95 104 (1888 416 128 ) (1888 416 416 ) (288 416 416 ) (288 416 128 ) 
3 95 102 (310 416 128 ) (288 416 128 ) (288 454.054091 128 ) 
3 95 101 (566 416 128 ) (457 416 128 ) (511.500016 510.270279 128 ) 
4 95 100 (803.500026 416 128 ) (713 416 128 ) (767.500025 510.270264 128 ) (812.750024 432 128 ) 
4 95 99 (1078 416 128 ) (987.499953 416 128 ) (978.249973 432 128 ) (1023.500042 510.270356 128 ) 
3 95 98 (1846 416 128 ) (1737 416 128 ) (1791.500007 510.270295 128 ) 
3 95 97 (1334 416 128 ) (1225 416 128 ) (1279.500007 510.270295 128 ) 
3 95 96 (1590 416 128 ) (1481 416 128 ) (1535.500078 510.270295 128 ) 
4 96 106 (1590 416 128 ) (1481 416 128 ) (1481 416 -64 ) (1590 416 -64 ) 
4 97 106 (1334 416 128 ) (1225 416 128 ) (1225 416 -64 ) (1334 416 -64 ) 
4 98 106 (1846 416 128 ) (1737 416 128 ) (1737 416 -64 ) (1846 416 -64 ) 
4 99 107 (1078 416 128 ) (987.499953 416 128 ) (987.499953 416 -64 ) (1078 416 -64 ) 
4 100 108 (803.500026 416 128 ) (713 416 128 ) (713 416 -64 ) (803.500026 416 -64 ) 
4 101 105 (566 416 128 ) (457 416 128 ) (457 416 -64 ) (566 416 -64 ) 
4 102 134 (288 454.054091 -64 ) (288 416 -64 ) (288 416 128 ) (288 454.054091 128 ) 
4 102 105 (310 416 128 ) (288 416 128 ) (288 416 -64 ) (310 416 -64 ) 
4 103 169 (1888 64 416 ) (1888 64 432 ) (288 64 432 ) (288 64 416 ) 
4 103 132 (288 64 416 ) (288 64 432 ) (288 416 432 ) (288 416 416 ) 
4 104 170 (1888 64 128 ) (1888 64 416 ) (288 64 416 ) (288 64 128 ) 
4 104 133 (288 64 128 ) (288 64 416 ) (288 416 416 ) (288 416 128 ) 
3 104 114 (1083.500002 192 128 ) (1194.500011 192 128 ) (1139 96 128 ) 
3 104 113 (788.499985 192 128 ) (899.499995 192 128 ) (844 96 128 ) 
4 104 112 (288 64 128 ) (288 192 128 ) (788.499985 192 128 ) (862.499986 64 128 ) 
4 104 111 (1194.500011 192 128 ) (1888 192 128 ) (1888 64 128 ) (1120.500011 64 128 ) 
4 104 110 (1065 224 128 ) (1888 224 128 ) (1888 192 128 ) (1083.500002 192 128 ) 
4 104 109 (288 192 128 ) (288 224 128 ) (803.500008 224 128 ) (822 192 128 ) 
3 104 108 (692.500007 416 128 ) (803.500026 416 128 ) (748 320 128 ) 
3 104 107 (987.499953 416 128 ) (1098.500007 416 128 ) (1043 320 128 ) 
4 104 106 (1098.500007 416 128 ) (1888 416 128 ) (1888 224 128 ) (987.500006 224 128 ) 
4 104 105 (288 224 128 ) (288 416 128 ) (692.500007 416 128 ) (803.500008 224 128 ) 
4 105 134 (288 224 128 ) (288 416 128 ) (288 416 -64 ) (288 224 -64 ) 
4 105 109 (803.500008 224 128 ) (288 224 128 ) (288 224 -64 ) (803.500008 224 -64 ) 
4 105 108 (748 320 -64 ) (692.499977 416 -64 ) (692.499977 416 128 ) (748 320 128 ) 
4 106 110 (1888 224 -64 ) (1888 224 128 ) (1065 224 128 ) (1065 224 -64 ) 
4 106 107 (1043 320 128 ) (1098.499979 416 128 ) (1098.499979 416 -64 ) (1043 320 -64 ) 
4 109 134 (288 192 128 ) (288 224 128 ) (288 224 -64 ) (288 192 -64 ) 
4 109 113 (788.499985 192 -64 ) (822 192 -64 ) (822 192 128 ) (788.499985 192 128 ) 
4 109 112 (288 192 128 ) (288 192 -64 ) (788.499985 192 -64 ) (788.499985 192 128 ) 
4 110 114 (1083.500002 192 -64 ) (1194.500011 192 -64 ) (1194.500011 192 128 ) (1083.500002 192 128 ) 
4 110 111 (1194.500011 192 -64 ) (1888 192 -64 ) (1888 192 128 ) (1194.500011 192 128 ) 
4 111 171 (1888 64 -64 ) (1888 64 128 ) (1120.500011 64 128 ) (1120.500011 64 -64 ) 
4 111 114 (1139 96 128 ) (1194.499976 192 128 ) (1194.499976 192 -64 ) (1139 96 -64 ) 
4 112 172 (862.499986 64 128 ) (288 64 128 ) (288 64 -64 ) (862.499986 64 -64 ) 
4 112 137 (288 128 0 ) (288 192 0 ) (288 192 -64 ) (288 128 -64 ) 
4 112 138 (288 64 -64 ) (288 64 0 ) (288 128 0 ) (288 128 -64 ) 
4 112 136 (288 64 0 ) (288 64 96 ) (288 192 96 ) (288 192 0 ) 
4 112 135 (288 64 96 ) (288 64 128 ) (288 192 128 ) (288 192 96 ) 
4 112 113 (844 96 -64 ) (788.499956 192 -64 ) (788.499956 192 128 ) (844 96 128 ) 
4 115 122 (1590 416 -64 ) (1481 416 -64 ) (1481 416 -96 ) (1590 416 -96 ) 
4 116 122 (1334 416 -64 ) (1225 416 -64 ) (1225 416 -96 ) (1334 416 -96 ) 
4 117 122 (1846 416 -64 ) (1737 416 -64 ) (1737 416 -96 ) (1846 416 -96 ) 
4 118 125 (1078 416 -64 ) (987.499953 416 -64 ) (987.499953 416 -96 ) (1078 416 -96 ) 
4 119 124 (803.500026 416 -64 ) (713 416 -64 ) (713 416 -96 ) (803.500026 416 -96 ) 
4 120 123 (566 416 -64 ) (457 416 -64 ) (457 416 -96 ) (566 416 -96 ) 
4 121 123 (310 416 -64 ) (288 416 -64 ) (288 416 -96 ) (310 416 -96 ) 
4 122 126 (1888 224 -96 ) (1888 224 -64 ) (1065 224 -64 ) (1065 224 -96 ) 
4 122 125 (1043 320 -64 ) (1098.499979 416 -64 ) (1098.499979 416 -96 ) (1043 320 -96 ) 
4 123 127 (803.500008 224 -64 ) (288 224 -64 ) (288 224 -96 ) (803.500008 224 -96 ) 
4 123 124 (748 320 -96 ) (692.499977 416 -96 ) (692.499977 416 -64 ) (748 320 -64 ) 
4 126 130 (1083.500002 192 -96 ) (1194.500011 192 -96 ) (1194.500011 192 -64 ) (1083.500002 192 -64 ) 
4 126 129 (1194.500011 192 -96 ) (1888 192 -96 ) (1888 192 -64 ) (1194.500011 192 -64 ) 
4 127 131 (788.499985 192 -96 ) (822 192 -96 ) (822 192 -64 ) (788.499985 192 -64 ) 
4 127 128 (288 192 -64 ) (288 192 -96 ) (788.499985 192 -96 ) (788.499985 192 -64 ) 
4 128 196 (862.499986 64 -64 ) (288 64 -64 ) (288 64 -96 ) (862.499986 64 -96 ) 
4 128 131 (844 96 -96 ) (788.499956 192 -96 ) (788.499956 192 -64 ) (844 96 -64 ) 
4 129 197 (1888 64 -96 ) (1888 64 -64 ) (1120.500011 64 -64 ) (1120.500011 64 -96 ) 
4 129 130 (1139 96 -64 ) (1194.499976 192 -64 ) (1194.499976 192 -96 ) (1139 96 -96 ) 
4 132 218 (288 64 416 ) (288 64 432 ) (-288 64 432 ) (-288 64 416 ) 
4 132 158 (-288 576 432 ) (-288 576 416 ) (-288 64 416 ) (-288 64 432 ) 
4 133 219 (288 64 128 ) (288 64 416 ) (-288 64 416 ) (-288 64 128 ) 
4 133 141 (256 64 128 ) (-288 64 128 ) (-288 192 128 ) (256 192 128 ) 
4 133 135 (288 192 128 ) (288 64 128 ) (256 64 128 ) (256 192 128 ) 
4 133 134 (288 454.054091 128 ) (288 192 128 ) (256 192 128 ) (256 509.405442 128 ) 
4 134 159 (288 454.054091 -76 ) (288 192 -76 ) (256 192 -76 ) (256 509.405442 -76 ) 
4 134 137 (272 192 -76 ) (288 192 -76 ) (288 192 0 ) (272 192 0 ) 
4 134 136 (288 192 0 ) (288 192 96 ) (272 192 96 ) (272 192 0 ) 
4 134 135 (288 192 96 ) (288 192 128 ) (256 192 128 ) (256 192 96 ) 
4 135 220 (288 64 96 ) (288 64 128 ) (256 64 128 ) (256 64 96 ) 
4 135 141 (256 64 128 ) (256 192 128 ) (256 192 96 ) (256 64 96 ) 
4 135 136 (288 192 96 ) (288 64 96 ) (272 64 96 ) (272 192 96 ) 
4 136 221 (288 64 0 ) (288 64 96 ) (272 64 96 ) (272 64 0 ) 
4 136 137 (272 128 0 ) (272 192 0 ) (288 192 0 ) (288 128 0 ) 
4 136 138 (288 64 0 ) (272 64 0 ) (272 128 0 ) (288 128 0 ) 
4 137 160 (288 192 -76 ) (288 128 -76 ) (272 128 -76 ) (272 192 -76 ) 
4 137 138 (272 128 -76 ) (288 128 -76 ) (288 128 0 ) (272 128 0 ) 
4 138 222 (256 64 -76 ) (288 64 -76 ) (288 64 0 ) (256 64 0 ) 
4 138 161 (288 128 -76 ) (288 64 -76 ) (256 64 -76 ) (256 128 -76 ) 
4 138 152 (256 128 -76 ) (256 64 -76 ) (256 64 0 ) (256 128 0 ) 
4 139 162 (-288 512 -76 ) (-288 544 -76 ) (236 544 -76 ) (254.500021 512 -76 ) 
4 139 140 (-288 512 96 ) (-288 512 -76 ) (224 512 -76 ) (224 512 96 ) 
4 140 163 (-288 208 -76 ) (-288 512 -76 ) (224 512 -76 ) (224 208 -76 ) 
4 140 156 (-288 208 96 ) (-288 208 -76 ) (-256 208 -76 ) (-256 208 96 ) 
4 141 256 (-160 64 128 ) (-288 64 128 ) (-288 64 96 ) (-160 64 96 ) 
4 141 224 (256 64 96 ) (256 64 128 ) (-160 64 128 ) (-160 64 96 ) 
4 141 157 (-272 64 96 ) (-288 64 96 ) (-288 192 96 ) (-272 192 96 ) 
4 141 154 (-192 64 96 ) (-256 64 96 ) (-256 96 96 ) (-192 96 96 ) 
4 141 153 (-256 128 96 ) (-256 192 96 ) (-192 192 96 ) (-192 128 96 ) 
4 141 151 (-96 64 96 ) (-160 64 96 ) (-160 96 96 ) (-96 96 96 ) 
4 141 150 (-160 128 96 ) (-160 192 96 ) (-96 192 96 ) (-96 128 96 ) 
4 141 149 (0 64 96 ) (-64 64 96 ) (-64 96 96 ) (0 96 96 ) 
4 141 148 (-64 128 96 ) (-64 192 96 ) (0 192 96 ) (0 128 96 ) 
4 141 147 (96 64 96 ) (32 64 96 ) (32 96 96 ) (96 96 96 ) 
4 141 146 (32 128 96 ) (32 192 96 ) (96 192 96 ) (96 128 96 ) 
4 141 145 (192 64 96 ) (128 64 96 ) (128 96 96 ) (192 96 96 ) 
4 141 144 (128 128 96 ) (128 192 96 ) (192 192 96 ) (192 128 96 ) 
4 141 143 (256 64 96 ) (224 64 96 ) (224 96 96 ) (256 96 96 ) 
4 141 142 (224 192 96 ) (256 192 96 ) (256 128 96 ) (224 128 96 ) 
4 142 152 (224 192 64 ) (256 192 64 ) (256 128 64 ) (224 128 64 ) 
4 143 152 (256 64 64 ) (224 64 64 ) (224 96 64 ) (256 96 64 ) 
4 144 152 (128 128 64 ) (128 192 64 ) (192 192 64 ) (192 128 64 ) 
4 145 152 (192 64 64 ) (128 64 64 ) (128 96 64 ) (192 96 64 ) 
4 146 152 (32 128 64 ) (32 192 64 ) (96 192 64 ) (96 128 64 ) 
4 147 152 (96 64 64 ) (32 64 64 ) (32 96 64 ) (96 96 64 ) 
4 148 152 (-64 128 64 ) (-64 192 64 ) (0 192 64 ) (0 128 64 ) 
4 149 152 (0 64 64 ) (-64 64 64 ) (-64 96 64 ) (0 96 64 ) 
4 150 152 (-160 128 64 ) (-160 192 64 ) (-96 192 64 ) (-96 128 64 ) 
4 151 152 (-96 64 64 ) (-160 64 64 ) (-160 96 64 ) (-96 96 64 ) 
4 152 235 (-160 64 -76 ) (256 64 -76 ) (256 64 64 ) (-160 64 64 ) 
4 152 155 (-160 192 -76 ) (-160 64 -76 ) (-160 64 64 ) (-160 192 64 ) 
4 153 155 (-192 128 64 ) (-256 128 64 ) (-256 192 64 ) (-192 192 64 ) 
4 154 155 (-192 64 64 ) (-256 64 64 ) (-256 96 64 ) (-192 96 64 ) 
4 155 260 (-256 64 -76 ) (-160 64 -76 ) (-160 64 64 ) (-256 64 64 ) 
4 156 165 (-288 192 -76 ) (-288 208 -76 ) (-256 208 -76 ) (-256 192 -76 ) 
4 156 157 (-288 192 96 ) (-288 192 -76 ) (-272 192 -76 ) (-272 192 96 ) 
4 157 261 (-288 64 -76 ) (-272 64 -76 ) (-272 64 96 ) (-288 64 96 ) 
4 157 166 (-272 64 -76 ) (-288 64 -76 ) (-288 192 -76 ) (-272 192 -76 ) 
4 158 265 (-352 64 -76 ) (-288 64 -76 ) (-288 64 448 ) (-352 64 448 ) 
4 158 168 (-288 64 -76 ) (-352 64 -76 ) (-352 576 -76 ) (-288 576 -76 ) 
4 159 160 (288 192 -96 ) (288 192 -76 ) (272 192 -76 ) (272 192 -96 ) 
4 160 161 (272 128 -96 ) (288 128 -96 ) (288 128 -76 ) (272 128 -76 ) 
4 161 266 (288 64 -96 ) (288 64 -76 ) (256 64 -76 ) (256 64 -96 ) 
4 162 163 (224 512 -76 ) (-288 512 -76 ) (-288 512 -96 ) (224 512 -96 ) 
4 163 165 (-288 208 -76 ) (-288 208 -96 ) (-256 208 -96 ) (-256 208 -76 ) 
4 164 268 (256 64 -76 ) (-256 64 -76 ) (-256 64 -96 ) (256 64 -96 ) 
4 165 166 (-288 192 -76 ) (-288 192 -96 ) (-272 192 -96 ) (-272 192 -76 ) 
4 166 269 (-272 64 -76 ) (-288 64 -76 ) (-288 64 -96 ) (-272 64 -96 ) 
4 167 273 (-160 64 -128 ) (-288 64 -128 ) (-288 64 -160 ) (-160 64 -160 ) 
4 167 168 (-288 576 -128 ) (-288 576 -160 ) (-288 64 -160 ) (-288 64 -128 ) 
4 168 274 (-352 64 -160 ) (-288 64 -160 ) (-288 64 -76 ) (-352 64 -76 ) 
4 169 218 (288 64 432 ) (288 64 416 ) (288 -224 416 ) (288 -224 432 ) 
4 169 182 (1888 -224 416 ) (1888 -224 432 ) (288 -224 432 ) (288 -224 416 ) 
4 170 219 (288 64 416 ) (288 64 128 ) (288 -224 128 ) (288 -224 416 ) 
4 170 183 (1888 -224 128 ) (1888 -224 416 ) (288 -224 416 ) (288 -224 128 ) 
4 170 181 (1595.500002 -192 128 ) (1888 -192 128 ) (1888 -224 128 ) (1577 -224 128 ) 
4 170 180 (288 -224 128 ) (288 -192 128 ) (1334 -192 128 ) (1315.500008 -224 128 ) 
3 170 179 (1614 -32 128 ) (1688 -32 128 ) (1651 -96 128 ) 
3 170 178 (1319 -32 128 ) (1393 -32 128 ) (1356 -96 128 ) 
4 170 177 (288 -192 128 ) (288 -32 128 ) (1319 -32 128 ) (1411.500065 -192 128 ) 
4 170 176 (1688 -32 128 ) (1888 -32 128 ) (1888 -192 128 ) (1595.500002 -192 128 ) 
4 170 175 (288 -32 128 ) (288 32 128 ) (881 32 128 ) (918 -32 128 ) 
4 170 174 (1102 32 128 ) (1430 32 128 ) (1393 -32 128 ) (1065 -32 128 ) 
4 170 173 (1577 32 128 ) (1888 32 128 ) (1888 -32 128 ) (1614 -32 128 ) 
4 170 172 (288 32 128 ) (288 64 128 ) (862.499986 64 128 ) (881 32 128 ) 
4 170 171 (1120.500011 64 128 ) (1888 64 128 ) (1888 32 128 ) (1102 32 128 ) 
4 171 174 (1102 32 -64 ) (1430 32 -64 ) (1430 32 128 ) (1102 32 128 ) 
4 171 173 (1577 32 -64 ) (1888 32 -64 ) (1888 32 128 ) (1577 32 128 ) 
4 172 222 (288 64 0 ) (288 64 -64 ) (288 32 -64 ) (288 32 0 ) 
4 172 221 (288 64 96 ) (288 64 0 ) (288 32 0 ) (288 32 96 ) 
4 172 220 (288 64 128 ) (288 64 96 ) (288 32 96 ) (288 32 128 ) 
4 172 175 (288 32 128 ) (288 32 -64 ) (881 32 -64 ) (881 32 128 ) 
4 173 179 (1688 -32 128 ) (1614 -32 128 ) (1614 -32 -64 ) (1688 -32 -64 ) 
4 173 176 (1888 -32 -64 ) (1888 -32 128 ) (1688 -32 128 ) (1688 -32 -64 ) 
4 174 178 (1393 -32 128 ) (1319 -32 128 ) (1319 -32 -64 ) (1393 -32 -64 ) 
4 174 177 (1319 -32 128 ) (1065 -32 128 ) (1065 -32 -64 ) (1319 -32 -64 ) 
4 175 222 (288 32 -64 ) (288 -32 -64 ) (288 -32 0 ) (288 32 0 ) 
4 175 221 (288 -32 0 ) (288 -32 96 ) (288 32 96 ) (288 32 0 ) 
4 175 220 (288 -32 96 ) (288 -32 128 ) (288 32 128 ) (288 32 96 ) 
4 175 177 (918 -32 128 ) (288 -32 128 ) (288 -32 -64 ) (918 -32 -64 ) 
4 176 181 (1595.500002 -192 -64 ) (1888 -192 -64 ) (1888 -192 128 ) (1595.500002 -192 128 ) 
4 176 179 (1651 -96 128 ) (1688 -32 128 ) (1688 -32 -64 ) (1651 -96 -64 ) 
4 177 223 (288 -128 -64 ) (288 -192 -64 ) (288 -192 0 ) (288 -128 0 ) 
4 177 222 (288 -32 -64 ) (288 -128 -64 ) (288 -128 0 ) (288 -32 0 ) 
4 177 221 (288 -192 0 ) (288 -192 96 ) (288 -32 96 ) (288 -32 0 ) 
4 177 220 (288 -192 96 ) (288 -192 128 ) (288 -32 128 ) (288 -32 96 ) 
4 177 180 (288 -192 128 ) (288 -192 -64 ) (1334 -192 -64 ) (1334 -192 128 ) 
4 177 178 (1356 -96 -64 ) (1319 -32 -64 ) (1319 -32 128 ) (1356 -96 128 ) 
4 180 262 (288 -192 -64 ) (288 -224 -64 ) (288 -224 128 ) (288 -192 128 ) 
4 180 188 (1315.500008 -224 128 ) (1204.499990 -224 128 ) (1204.499990 -224 -64 ) (1315.500008 -224 -64 ) 
4 180 185 (1204.499990 -224 128 ) (288 -224 128 ) (288 -224 -64 ) (1204.499990 -224 -64 ) 
4 181 187 (1610.500095 -224 128 ) (1577 -224 128 ) (1577 -224 -64 ) (1610.500095 -224 -64 ) 
4 181 186 (1888 -224 -64 ) (1888 -224 128 ) (1610.500095 -224 128 ) (1610.500095 -224 -64 ) 
4 182 218 (288 -224 432 ) (288 -224 416 ) (288 -512 416 ) (288 -512 432 ) 
4 182 184 (1888 -512 416 ) (1888 -512 432 ) (288 -512 432 ) (288 -512 416 ) 
4 183 219 (288 -224 416 ) (288 -224 128 ) (288 -512 128 ) (288 -512 416 ) 
4 183 195 (1518 -384 128 ) (1590 -384 128 ) (1535.500078 -478.270256 128 ) (1499.500090 -416 128 ) 
3 183 194 (1737 -384 128 ) (1846 -384 128 ) (1791.500007 -478.270256 128 ) 
3 183 193 (457 -384 128 ) (566 -384 128 ) (511.500007 -478.270256 128 ) 
3 183 192 (288 -422.054053 128 ) (288 -384 128 ) (310 -384 128 ) 
4 183 191 (1225 -384 128 ) (1297 -384 128 ) (1315.499995 -416 128 ) (1279.500007 -478.270256 128 ) 
3 183 190 (713 -384 128 ) (822 -384 128 ) (767.500007 -478.270256 128 ) 
3 183 189 (969 -384 128 ) (1078 -384 128 ) (1023.500042 -478.270317 128 ) 
3 183 188 (1204.499990 -224 128 ) (1315.500008 -224 128 ) (1260 -320 128 ) 
3 183 187 (1499.500076 -224 128 ) (1610.500095 -224 128 ) (1555 -320 128 ) 
4 183 186 (1610.500095 -224 128 ) (1888 -224 128 ) (1888 -384 128 ) (1518 -384 128 ) 
4 183 185 (288 -384 128 ) (288 -224 128 ) (1204.499990 -224 128 ) (1297 -384 128 ) 
4 184 218 (288 -512 432 ) (288 -512 416 ) (288 -544 416 ) (288 -544 432 ) 
4 185 262 (288 -224 -64 ) (288 -384 -64 ) (288 -384 128 ) (288 -224 128 ) 
4 185 193 (566 -384 128 ) (457 -384 128 ) (457 -384 -64 ) (566 -384 -64 ) 
4 185 192 (310 -384 128 ) (288 -384 128 ) (288 -384 -64 ) (310 -384 -64 ) 
4 185 191 (1297 -384 128 ) (1225 -384 128 ) (1225 -384 -64 ) (1297 -384 -64 ) 
4 185 190 (822 -384 128 ) (713 -384 128 ) (713 -384 -64 ) (822 -384 -64 ) 
4 185 189 (1078 -384 128 ) (969 -384 128 ) (969 -384 -64 ) (1078 -384 -64 ) 
4 185 188 (1260 -320 -64 ) (1204.499955 -224 -64 ) (1204.499955 -224 128 ) (1260 -320 128 ) 
4 186 195 (1590 -384 128 ) (1518 -384 128 ) (1518 -384 -64 ) (1590 -384 -64 ) 
4 186 194 (1846 -384 128 ) (1737 -384 128 ) (1737 -384 -64 ) (1846 -384 -64 ) 
4 186 187 (1555 -320 128 ) (1610.500039 -224 128 ) (1610.500039 -224 -64 ) (1555 -320 -64 ) 
4 192 262 (288 -384 -64 ) (288 -422.054053 -64 ) (288 -422.054053 128 ) (288 -384 128 ) 
4 196 200 (288 32 -64 ) (288 32 -96 ) (881 32 -96 ) (881 32 -64 ) 
4 197 199 (1102 32 -96 ) (1430 32 -96 ) (1430 32 -64 ) (1102 32 -64 ) 
4 197 198 (1577 32 -96 ) (1888 32 -96 ) (1888 32 -64 ) (1577 32 -64 ) 
4 198 203 (1688 -32 -64 ) (1614 -32 -64 ) (1614 -32 -96 ) (1688 -32 -96 ) 
4 198 202 (1888 -32 -96 ) (1888 -32 -64 ) (1688 -32 -64 ) (1688 -32 -96 ) 
4 199 204 (1393 -32 -64 ) (1319 -32 -64 ) (1319 -32 -96 ) (1393 -32 -96 ) 
4 199 201 (1319 -32 -64 ) (1065 -32 -64 ) (1065 -32 -96 ) (1319 -32 -96 ) 
4 200 201 (918 -32 -64 ) (288 -32 -64 ) (288 -32 -96 ) (918 -32 -96 ) 
4 201 206 (288 -192 -64 ) (288 -192 -96 ) (1334 -192 -96 ) (1334 -192 -64 ) 
4 201 204 (1356 -96 -96 ) (1319 -32 -96 ) (1319 -32 -64 ) (1356 -96 -64 ) 
4 202 205 (1595.500002 -192 -96 ) (1888 -192 -96 ) (1888 -192 -64 ) (1595.500002 -192 -64 ) 
4 202 203 (1651 -96 -64 ) (1688 -32 -64 ) (1688 -32 -96 ) (1651 -96 -96 ) 
4 205 210 (1610.500095 -224 -64 ) (1577 -224 -64 ) (1577 -224 -96 ) (1610.500095 -224 -96 ) 
4 205 207 (1888 -224 -96 ) (1888 -224 -64 ) (1610.500095 -224 -64 ) (1610.500095 -224 -96 ) 
4 206 209 (1315.500008 -224 -64 ) (1204.499990 -224 -64 ) (1204.499990 -224 -96 ) (1315.500008 -224 -96 ) 
4 206 208 (1204.499990 -224 -64 ) (288 -224 -64 ) (288 -224 -96 ) (1204.499990 -224 -96 ) 
4 207 215 (1590 -384 -64 ) (1518 -384 -64 ) (1518 -384 -96 ) (1590 -384 -96 ) 
4 207 214 (1846 -384 -64 ) (1737 -384 -64 ) (1737 -384 -96 ) (1846 -384 -96 ) 
4 207 210 (1555 -320 -64 ) (1610.500039 -224 -64 ) (1610.500039 -224 -96 ) (1555 -320 -96 ) 
4 208 217 (566 -384 -64 ) (457 -384 -64 ) (457 -384 -96 ) (566 -384 -96 ) 
4 208 216 (310 -384 -64 ) (288 -384 -64 ) (288 -384 -96 ) (310 -384 -96 ) 
4 208 213 (822 -384 -64 ) (713 -384 -64 ) (713 -384 -96 ) (822 -384 -96 ) 
4 208 212 (1297 -384 -64 ) (1225 -384 -64 ) (1225 -384 -96 ) (1297 -384 -96 ) 
4 208 211 (1078 -384 -64 ) (969 -384 -64 ) (969 -384 -96 ) (1078 -384 -96 ) 
4 208 209 (1260 -320 -96 ) (1204.499955 -224 -96 ) (1204.499955 -224 -64 ) (1260 -320 -64 ) 
4 218 265 (-288 -544 416 ) (-288 -544 432 ) (-288 64 432 ) (-288 64 416 ) 
4 219 262 (288 -192 128 ) (288 -422.054053 128 ) (256 -477.405404 128 ) (256 -192 128 ) 
4 219 256 (-288 64 128 ) (-160 64 128 ) (-160 -192 128 ) (-288 -192 128 ) 
4 219 253 (-64 -192 128 ) (-96 -192 128 ) (-96 -128 128 ) (-64 -128 128 ) 
4 219 254 (-96 -192 128 ) (-160 -192 128 ) (-160 -128 128 ) (-96 -128 128 ) 
4 219 251 (32 -192 128 ) (0 -192 128 ) (0 -128 128 ) (32 -128 128 ) 
4 219 252 (0 -192 128 ) (-64 -192 128 ) (-64 -128 128 ) (0 -128 128 ) 
4 219 249 (128 -192 128 ) (96 -192 128 ) (96 -128 128 ) (128 -128 128 ) 
4 219 250 (96 -192 128 ) (32 -192 128 ) (32 -128 128 ) (96 -128 128 ) 
4 219 246 (256 -128 128 ) (256 -192 128 ) (192 -192 128 ) (192 -128 128 ) 
4 219 248 (192 -192 128 ) (128 -192 128 ) (128 -128 128 ) (192 -128 128 ) 
4 219 245 (256 -96 128 ) (256 -128 128 ) (-160 -128 128 ) (-160 -96 128 ) 
4 219 243 (-64 -96 128 ) (-96 -96 128 ) (-96 -64 128 ) (-64 -64 128 ) 
4 219 244 (-96 -96 128 ) (-160 -96 128 ) (-160 -64 128 ) (-96 -64 128 ) 
4 219 241 (32 -96 128 ) (0 -96 128 ) (0 -64 128 ) (32 -64 128 ) 
4 219 242 (0 -96 128 ) (-64 -96 128 ) (-64 -64 128 ) (0 -64 128 ) 
4 219 239 (128 -96 128 ) (96 -96 128 ) (96 -64 128 ) (128 -64 128 ) 
4 219 240 (96 -96 128 ) (32 -96 128 ) (32 -64 128 ) (96 -64 128 ) 
4 219 237 (224 -96 128 ) (192 -96 128 ) (192 -64 128 ) (224 -64 128 ) 
4 219 236 (256 -64 128 ) (256 -96 128 ) (224 -96 128 ) (224 -64 128 ) 
4 219 238 (192 -96 128 ) (128 -96 128 ) (128 -64 128 ) (192 -64 128 ) 
4 219 234 (256 -32 128 ) (256 -64 128 ) (-160 -64 128 ) (-160 -32 128 ) 
4 219 232 (-64 -32 128 ) (-96 -32 128 ) (-96 32 128 ) (-64 32 128 ) 
4 219 233 (-96 -32 128 ) (-160 -32 128 ) (-160 32 128 ) (-96 32 128 ) 
4 219 230 (32 -32 128 ) (0 -32 128 ) (0 32 128 ) (32 32 128 ) 
4 219 231 (0 -32 128 ) (-64 -32 128 ) (-64 32 128 ) (0 32 128 ) 
4 219 228 (128 -32 128 ) (96 -32 128 ) (96 32 128 ) (128 32 128 ) 
4 219 229 (96 -32 128 ) (32 -32 128 ) (32 32 128 ) (96 32 128 ) 
4 219 226 (224 -32 128 ) (192 -32 128 ) (192 32 128 ) (224 32 128 ) 
4 219 225 (256 32 128 ) (256 -32 128 ) (224 -32 128 ) (224 32 128 ) 
4 219 227 (192 -32 128 ) (128 -32 128 ) (128 32 128 ) (192 32 128 ) 
4 219 224 (-160 64 128 ) (256 64 128 ) (256 32 128 ) (-160 32 128 ) 
4 219 220 (256 64 128 ) (288 64 128 ) (288 -192 128 ) (256 -192 128 ) 
4 220 262 (288 -192 96 ) (288 -192 128 ) (256 -192 128 ) (256 -192 96 ) 
4 220 246 (256 -192 96 ) (256 -192 128 ) (256 -128 128 ) (256 -128 96 ) 
4 220 245 (256 -128 128 ) (256 -96 128 ) (256 -96 96 ) (256 -128 96 ) 
4 220 236 (256 -96 128 ) (256 -64 128 ) (256 -64 96 ) (256 -96 96 ) 
4 220 234 (256 -64 128 ) (256 -32 128 ) (256 -32 96 ) (256 -64 96 ) 
4 220 225 (256 -32 128 ) (256 32 128 ) (256 32 96 ) (256 -32 96 ) 
4 220 224 (256 32 128 ) (256 64 128 ) (256 64 96 ) (256 32 96 ) 
4 220 221 (288 64 96 ) (288 -192 96 ) (272 -192 96 ) (272 64 96 ) 
4 221 262 (288 -192 0 ) (288 -192 96 ) (272 -192 96 ) (272 -192 0 ) 
4 221 223 (288 -128 0 ) (288 -192 0 ) (272 -192 0 ) (272 -128 0 ) 
4 221 222 (272 64 0 ) (288 64 0 ) (288 -128 0 ) (272 -128 0 ) 
4 222 266 (256 64 -76 ) (288 64 -76 ) (288 -128 -76 ) (256 -128 -76 ) 
4 222 255 (256 -128 0 ) (256 -64 0 ) (256 -64 -76 ) (256 -128 -76 ) 
4 222 235 (256 -64 0 ) (256 64 0 ) (256 64 -76 ) (256 -64 -76 ) 
4 222 223 (288 -128 -76 ) (288 -128 0 ) (272 -128 0 ) (272 -128 -76 ) 
4 223 267 (288 -128 -76 ) (288 -192 -76 ) (272 -192 -76 ) (272 -128 -76 ) 
4 223 262 (288 -192 -76 ) (288 -192 0 ) (272 -192 0 ) (272 -192 -76 ) 
4 224 256 (-160 64 128 ) (-160 64 96 ) (-160 32 96 ) (-160 32 128 ) 
4 224 232 (-96 32 96 ) (-64 32 96 ) (-64 32 128 ) (-96 32 128 ) 
4 224 233 (-160 32 128 ) (-160 32 96 ) (-96 32 96 ) (-96 32 128 ) 
4 224 230 (0 32 96 ) (32 32 96 ) (32 32 128 ) (0 32 128 ) 
4 224 231 (-64 32 96 ) (0 32 96 ) (0 32 128 ) (-64 32 128 ) 
4 224 228 (96 32 96 ) (128 32 96 ) (128 32 128 ) (96 32 128 ) 
4 224 229 (32 32 96 ) (96 32 96 ) (96 32 128 ) (32 32 128 ) 
4 224 226 (192 32 96 ) (224 32 96 ) (224 32 128 ) (192 32 128 ) 
4 224 225 (224 32 96 ) (256 32 96 ) (256 32 128 ) (224 32 128 ) 
4 224 227 (128 32 96 ) (192 32 96 ) (192 32 128 ) (128 32 128 ) 
4 225 234 (256 -32 96 ) (256 -32 128 ) (224 -32 128 ) (224 -32 96 ) 
4 225 226 (224 32 128 ) (224 32 96 ) (224 -32 96 ) (224 -32 128 ) 
4 225 235 (224 32 64 ) (256 32 64 ) (256 -32 64 ) (224 -32 64 ) 
4 226 234 (224 -32 96 ) (224 -32 128 ) (192 -32 128 ) (192 -32 96 ) 
4 226 227 (192 -32 96 ) (192 -32 128 ) (192 32 128 ) (192 32 96 ) 
4 227 234 (192 -32 96 ) (192 -32 128 ) (128 -32 128 ) (128 -32 96 ) 
4 227 228 (128 32 128 ) (128 32 96 ) (128 -32 96 ) (128 -32 128 ) 
4 227 235 (128 32 64 ) (192 32 64 ) (192 -32 64 ) (128 -32 64 ) 
4 228 234 (128 -32 96 ) (128 -32 128 ) (96 -32 128 ) (96 -32 96 ) 
4 228 229 (96 -32 96 ) (96 -32 128 ) (96 32 128 ) (96 32 96 ) 
4 229 234 (96 -32 96 ) (96 -32 128 ) (32 -32 128 ) (32 -32 96 ) 
4 229 230 (32 -32 96 ) (32 -32 128 ) (32 32 128 ) (32 32 96 ) 
4 229 235 (32 32 64 ) (96 32 64 ) (96 -32 64 ) (32 -32 64 ) 
4 230 234 (32 -32 96 ) (32 -32 128 ) (0 -32 128 ) (0 -32 96 ) 
4 230 231 (0 -32 96 ) (0 -32 128 ) (0 32 128 ) (0 32 96 ) 
4 231 234 (0 -32 96 ) (0 -32 128 ) (-64 -32 128 ) (-64 -32 96 ) 
4 231 232 (-64 32 128 ) (-64 32 96 ) (-64 -32 96 ) (-64 -32 128 ) 
4 231 235 (-64 32 64 ) (0 32 64 ) (0 -32 64 ) (-64 -32 64 ) 
4 232 234 (-64 -32 96 ) (-64 -32 128 ) (-96 -32 128 ) (-96 -32 96 ) 
4 232 233 (-96 -32 96 ) (-96 -32 128 ) (-96 32 128 ) (-96 32 96 ) 
4 233 256 (-160 -32 96 ) (-160 -32 128 ) (-160 32 128 ) (-160 32 96 ) 
4 233 234 (-96 -32 96 ) (-96 -32 128 ) (-160 -32 128 ) (-160 -32 96 ) 
4 233 235 (-160 -32 64 ) (-160 32 64 ) (-96 32 64 ) (-96 -32 64 ) 
4 234 256 (-160 -64 96 ) (-160 -64 128 ) (-160 -32 128 ) (-160 -32 96 ) 
4 234 243 (-96 -64 96 ) (-64 -64 96 ) (-64 -64 128 ) (-96 -64 128 ) 
4 234 244 (-160 -64 128 ) (-160 -64 96 ) (-96 -64 96 ) (-96 -64 128 ) 
4 234 241 (0 -64 96 ) (32 -64 96 ) (32 -64 128 ) (0 -64 128 ) 
4 234 242 (-64 -64 96 ) (0 -64 96 ) (0 -64 128 ) (-64 -64 128 ) 
4 234 239 (96 -64 96 ) (128 -64 96 ) (128 -64 128 ) (96 -64 128 ) 
4 234 240 (32 -64 96 ) (96 -64 96 ) (96 -64 128 ) (32 -64 128 ) 
4 234 237 (192 -64 96 ) (224 -64 96 ) (224 -64 128 ) (192 -64 128 ) 
4 234 236 (224 -64 96 ) (256 -64 96 ) (256 -64 128 ) (224 -64 128 ) 
4 234 238 (128 -64 96 ) (192 -64 96 ) (192 -64 128 ) (128 -64 128 ) 
4 235 260 (-160 64 64 ) (-160 64 -76 ) (-160 -64 -76 ) (-160 -64 64 ) 
4 235 255 (-160 -64 64 ) (-160 -64 -76 ) (256 -64 -76 ) (256 -64 64 ) 
4 236 245 (256 -96 96 ) (256 -96 128 ) (224 -96 128 ) (224 -96 96 ) 
4 236 237 (224 -64 128 ) (224 -64 96 ) (224 -96 96 ) (224 -96 128 ) 
4 236 255 (224 -64 64 ) (256 -64 64 ) (256 -96 64 ) (224 -96 64 ) 
4 237 245 (224 -96 96 ) (224 -96 128 ) (192 -96 128 ) (192 -96 96 ) 
4 237 238 (192 -96 128 ) (192 -64 128 ) (192 -64 96 ) (192 -96 96 ) 
4 238 245 (192 -96 96 ) (192 -96 128 ) (128 -96 128 ) (128 -96 96 ) 
4 238 239 (128 -64 128 ) (128 -64 96 ) (128 -96 96 ) (128 -96 128 ) 
4 238 255 (128 -64 64 ) (192 -64 64 ) (192 -96 64 ) (128 -96 64 ) 
4 239 245 (128 -96 96 ) (128 -96 128 ) (96 -96 128 ) (96 -96 96 ) 
4 239 240 (96 -96 128 ) (96 -64 128 ) (96 -64 96 ) (96 -96 96 ) 
4 240 245 (96 -96 96 ) (96 -96 128 ) (32 -96 128 ) (32 -96 96 ) 
4 240 241 (32 -96 128 ) (32 -64 128 ) (32 -64 96 ) (32 -96 96 ) 
4 240 255 (32 -64 64 ) (96 -64 64 ) (96 -96 64 ) (32 -96 64 ) 
4 241 245 (32 -96 96 ) (32 -96 128 ) (0 -96 128 ) (0 -96 96 ) 
4 241 242 (0 -96 128 ) (0 -64 128 ) (0 -64 96 ) (0 -96 96 ) 
4 242 245 (0 -96 96 ) (0 -96 128 ) (-64 -96 128 ) (-64 -96 96 ) 
4 242 243 (-64 -64 128 ) (-64 -64 96 ) (-64 -96 96 ) (-64 -96 128 ) 
4 242 255 (-64 -64 64 ) (0 -64 64 ) (0 -96 64 ) (-64 -96 64 ) 
4 243 245 (-64 -96 96 ) (-64 -96 128 ) (-96 -96 128 ) (-96 -96 96 ) 
4 243 244 (-96 -96 128 ) (-96 -64 128 ) (-96 -64 96 ) (-96 -96 96 ) 
4 244 256 (-160 -96 128 ) (-160 -64 128 ) (-160 -64 96 ) (-160 -96 96 ) 
4 244 245 (-96 -96 96 ) (-96 -96 128 ) (-160 -96 128 ) (-160 -96 96 ) 
4 244 255 (-160 -96 64 ) (-160 -64 64 ) (-96 -64 64 ) (-96 -96 64 ) 
4 245 256 (-160 -128 128 ) (-160 -96 128 ) (-160 -96 96 ) (-160 -128 96 ) 
4 245 253 (-96 -128 96 ) (-64 -128 96 ) (-64 -128 128 ) (-96 -128 128 ) 
4 245 254 (-160 -128 128 ) (-160 -128 96 ) (-96 -128 96 ) (-96 -128 128 ) 
4 245 251 (0 -128 96 ) (32 -128 96 ) (32 -128 128 ) (0 -128 128 ) 
4 245 252 (-64 -128 96 ) (0 -128 96 ) (0 -128 128 ) (-64 -128 128 ) 
4 245 249 (96 -128 96 ) (128 -128 96 ) (128 -128 128 ) (96 -128 128 ) 
4 245 250 (32 -128 96 ) (96 -128 96 ) (96 -128 128 ) (32 -128 128 ) 
4 245 246 (192 -128 96 ) (256 -128 96 ) (256 -128 128 ) (192 -128 128 ) 
4 245 248 (128 -128 96 ) (192 -128 96 ) (192 -128 128 ) (128 -128 128 ) 
4 246 247 (256 -128 96 ) (256 -192 96 ) (224 -192 96 ) (224 -128 96 ) 
4 246 248 (192 -128 128 ) (192 -128 96 ) (192 -192 96 ) (192 -192 128 ) 
4 247 255 (256 -192 64 ) (224 -192 64 ) (224 -128 64 ) (256 -128 64 ) 
4 248 249 (128 -192 96 ) (128 -192 128 ) (128 -128 128 ) (128 -128 96 ) 
4 248 255 (192 -192 64 ) (128 -192 64 ) (128 -128 64 ) (192 -128 64 ) 
4 249 250 (96 -128 128 ) (96 -128 96 ) (96 -192 96 ) (96 -192 128 ) 
4 250 251 (32 -128 128 ) (32 -128 96 ) (32 -192 96 ) (32 -192 128 ) 
4 250 255 (96 -192 64 ) (32 -192 64 ) (32 -128 64 ) (96 -128 64 ) 
4 251 252 (0 -128 128 ) (0 -128 96 ) (0 -192 96 ) (0 -192 128 ) 
4 252 253 (-64 -192 96 ) (-64 -192 128 ) (-64 -128 128 ) (-64 -128 96 ) 
4 252 255 (0 -192 64 ) (-64 -192 64 ) (-64 -128 64 ) (0 -128 64 ) 
4 253 254 (-96 -128 128 ) (-96 -128 96 ) (-96 -192 96 ) (-96 -192 128 ) 
4 254 256 (-160 -192 96 ) (-160 -192 128 ) (-160 -128 128 ) (-160 -128 96 ) 
4 254 255 (-96 -192 64 ) (-160 -192 64 ) (-160 -128 64 ) (-96 -128 64 ) 
4 255 260 (-160 -64 -76 ) (-160 -192 -76 ) (-160 -192 64 ) (-160 -64 64 ) 
4 256 261 (-272 -192 96 ) (-288 -192 96 ) (-288 64 96 ) (-272 64 96 ) 
4 256 259 (-192 -192 96 ) (-256 -192 96 ) (-256 -128 96 ) (-192 -128 96 ) 
4 256 258 (-256 -96 96 ) (-256 -64 96 ) (-192 -64 96 ) (-192 -96 96 ) 
4 256 257 (-192 -32 96 ) (-256 -32 96 ) (-256 32 96 ) (-192 32 96 ) 
4 257 260 (-192 -32 64 ) (-256 -32 64 ) (-256 32 64 ) (-192 32 64 ) 
4 258 260 (-256 -96 64 ) (-256 -64 64 ) (-192 -64 64 ) (-192 -96 64 ) 
4 259 260 (-192 -192 64 ) (-256 -192 64 ) (-256 -128 64 ) (-192 -128 64 ) 
4 261 269 (-288 64 -76 ) (-272 64 -76 ) (-272 -192 -76 ) (-288 -192 -76 ) 
4 261 263 (-288 -192 96 ) (-288 -192 -76 ) (-272 -192 -76 ) (-272 -192 96 ) 
4 262 270 (288 -192 -76 ) (288 -422.054053 -76 ) (256 -477.405404 -76 ) (256 -192 -76 ) 
4 263 271 (-288 -208 -76 ) (-288 -192 -76 ) (-256 -192 -76 ) (-256 -208 -76 ) 
4 263 264 (-288 -208 96 ) (-288 -208 -76 ) (-256 -208 -76 ) (-256 -208 96 ) 
4 264 272 (-288 -512 -76 ) (-288 -208 -76 ) (224 -208 -76 ) (224 -512 -76 ) 
4 265 274 (-352 64 -76 ) (-288 64 -76 ) (-288 -544 -76 ) (-352 -544 -76 ) 
4 266 267 (288 -128 -96 ) (288 -128 -76 ) (272 -128 -76 ) (272 -128 -96 ) 
4 267 270 (288 -192 -96 ) (288 -192 -76 ) (272 -192 -76 ) (272 -192 -96 ) 
4 269 271 (-272 -192 -76 ) (-288 -192 -76 ) (-288 -192 -96 ) (-272 -192 -96 ) 
4 271 272 (-288 -208 -76 ) (-288 -208 -96 ) (-256 -208 -96 ) (-256 -208 -76 ) 
4 273 274 (-288 -544 -160 ) (-288 -544 -128 ) (-288 64 -128 ) (-288 64 -160 ) 
